INFO  @ Wed, 17 Feb 2021 09:30:44: Parameters: /Users/mch47/miniconda3/bin/mageck test -k hepg3_3k_lib_ldl_uptake_read_count_table.txt -t ser_LDL_b_rep_1,ser_LDL_b_rep_2,ser_LDL_b_rep_3,ser_LDL_b_rep_4 -c ser_LDL_t_rep_1,ser_LDL_t_rep_2,ser_LDL_t_rep_3,ser_LDL_t_rep_4 -n ser_bottom_top --paired --sort-criteria pos --norm-method control --control-sgrna 3k_lib_control_grnas.txt --pdf-report 
INFO  @ Wed, 17 Feb 2021 09:30:44: Welcome to MAGeCK v0.5.9.2. Command: test 
INFO  @ Wed, 17 Feb 2021 09:30:44: Loading count table from hepg3_3k_lib_ldl_uptake_read_count_table.txt  
INFO  @ Wed, 17 Feb 2021 09:30:44: Processing 1 lines.. 
DEBUG @ Wed, 17 Feb 2021 09:30:44: Parsing error in line 1 (usually the header line). Skip this line. 
INFO  @ Wed, 17 Feb 2021 09:30:44: Loaded 2964 records. 
INFO  @ Wed, 17 Feb 2021 09:30:44: Loading R template file: /Users/mch47/miniconda3/lib/python3.7/site-packages/mageck/plot_template.RTemplate. 
INFO  @ Wed, 17 Feb 2021 09:30:44: Loading R template file: /Users/mch47/miniconda3/lib/python3.7/site-packages/mageck/plot_template_indvgene.RTemplate. 
INFO  @ Wed, 17 Feb 2021 09:30:44: Loading Rnw template file: /Users/mch47/miniconda3/lib/python3.7/site-packages/mageck/plot_template.Rnw. 
DEBUG @ Wed, 17 Feb 2021 09:30:44: Setting up the visualization module... 
DEBUG @ Wed, 17 Feb 2021 09:30:44: Given sample labels: ser_LDL_b_rep_1,ser_LDL_b_rep_2,ser_LDL_b_rep_3,ser_LDL_b_rep_4 
DEBUG @ Wed, 17 Feb 2021 09:30:44: Converted index: 44 46 48 50 
INFO  @ Wed, 17 Feb 2021 09:30:44: Treatment samples:ser_LDL_b_rep_1,ser_LDL_b_rep_2,ser_LDL_b_rep_3,ser_LDL_b_rep_4 
INFO  @ Wed, 17 Feb 2021 09:30:44: Treatment sample index:44,46,48,50 
DEBUG @ Wed, 17 Feb 2021 09:30:44: Given sample labels: ser_LDL_t_rep_1,ser_LDL_t_rep_2,ser_LDL_t_rep_3,ser_LDL_t_rep_4 
DEBUG @ Wed, 17 Feb 2021 09:30:44: Converted index: 45 47 49 51 
INFO  @ Wed, 17 Feb 2021 09:30:44: Control samples:ser_LDL_t_rep_1,ser_LDL_t_rep_2,ser_LDL_t_rep_3,ser_LDL_t_rep_4 
INFO  @ Wed, 17 Feb 2021 09:30:44: Control sample index:45,47,49,51 
INFO  @ Wed, 17 Feb 2021 09:30:44: Loaded 90 control sgRNAs from 3k_lib_control_grnas.txt 
INFO  @ Wed, 17 Feb 2021 09:30:44: control sgRNAs for normalization:90 
DEBUG @ Wed, 17 Feb 2021 09:30:44: Initial (total) size factor: 0.9802629412528107 1.0015778128197215 0.9828067119945141 0.9812254602610316 0.9842071478637001 0.9953299410475561 1.1138399843405138 0.9743931712314352 
DEBUG @ Wed, 17 Feb 2021 09:30:44: Median factor: 0.9725639483328954 1.0081735375865741 0.9784876448307775 0.9760465672999455 0.9778923881743559 0.997623236101706 1.1115342714022394 0.9815367388269292 
INFO  @ Wed, 17 Feb 2021 09:30:44: Final size factor: 0.9725639483328954 1.0081735375865741 0.9784876448307775 0.9760465672999455 0.9778923881743559 0.997623236101706 1.1115342714022394 0.9815367388269292 
INFO  @ Wed, 17 Feb 2021 09:30:44: The updated negative control ID file is:ser_bottom_top.negctrl_ids.txt 
INFO  @ Wed, 17 Feb 2021 09:30:44: Detecting outliers from variance estimation.. Avg read count:[655.4945786953426], Var: [1545548.9074353012] 
INFO  @ Wed, 17 Feb 2021 09:30:44: Skipping 1 sgRNAs from variance calculation because of their extreme high counts (> 4* STD (mean counts) ). 
DEBUG @ Wed, 17 Feb 2021 09:30:44: Adjusted model: 1	2.0027152797981884 
INFO  @ Wed, 17 Feb 2021 09:30:44: Before RRA, 97 sgRNAs are removed with zero counts in both group(s). 
INFO  @ Wed, 17 Feb 2021 09:30:44: Use qnorm to reversely calculate sgRNA scores ... 
DEBUG @ Wed, 17 Feb 2021 09:30:45: lower test FDR cutoff: 0.33650820648014285 
DEBUG @ Wed, 17 Feb 2021 09:30:45: higher test FDR cutoff: 0.29024576919806105 
INFO  @ Wed, 17 Feb 2021 09:30:45: Running command: RRA -i ser_bottom_top.plow.txt -o ser_bottom_top.gene.low.txt -p 0.33650820648014285 --control ser_bottom_top.negctrl_ids.txt --skip-gene NA --skip-gene na  
INFO  @ Wed, 17 Feb 2021 09:30:47: Command message: 
INFO  @ Wed, 17 Feb 2021 09:30:47:   Welcome to RRA v 0.5.9. 
INFO  @ Wed, 17 Feb 2021 09:30:47:   361 control sequences loaded. 
INFO  @ Wed, 17 Feb 2021 09:30:47:   Skipping gene NA for permutation ... 
INFO  @ Wed, 17 Feb 2021 09:30:47:   Skipping gene na for permutation ... 
INFO  @ Wed, 17 Feb 2021 09:30:47:   Reading input file... 
INFO  @ Wed, 17 Feb 2021 09:30:47:   Summary: 11759 sgRNAs, 1091 genes, 1 lists; skipped sgRNAs:0 
INFO  @ Wed, 17 Feb 2021 09:30:47:   Computing lo-values for each group... 
INFO  @ Wed, 17 Feb 2021 09:30:47:   Skipping gene CTRL for permutation ... 
INFO  @ Wed, 17 Feb 2021 09:30:47:   Warning: sgRNA  not found in the ranked list.  
INFO  @ Wed, 17 Feb 2021 09:30:47:   Computing false discovery rate... 
INFO  @ Wed, 17 Feb 2021 09:30:47:   Total # control sgRNAs: 360 
INFO  @ Wed, 17 Feb 2021 09:30:47:   Permuting genes with 2 sgRNAs... 
INFO  @ Wed, 17 Feb 2021 09:30:47:   Permuting genes with 3 sgRNAs... 
INFO  @ Wed, 17 Feb 2021 09:30:47:   Permuting genes with 4 sgRNAs... 
INFO  @ Wed, 17 Feb 2021 09:30:47:   Permuting genes with 5 sgRNAs... 
INFO  @ Wed, 17 Feb 2021 09:30:47:   Permuting genes with 6 sgRNAs... 
INFO  @ Wed, 17 Feb 2021 09:30:47:   Permuting genes with 7 sgRNAs... 
INFO  @ Wed, 17 Feb 2021 09:30:47:   Permuting genes with 8 sgRNAs... 
INFO  @ Wed, 17 Feb 2021 09:30:47:   Permuting genes with 12 sgRNAs... 
INFO  @ Wed, 17 Feb 2021 09:30:47:   Permuting genes with 13 sgRNAs... 
INFO  @ Wed, 17 Feb 2021 09:30:47:   Permuting genes with 14 sgRNAs... 
INFO  @ Wed, 17 Feb 2021 09:30:47:   Permuting genes with 15 sgRNAs... 
INFO  @ Wed, 17 Feb 2021 09:30:47:   Permuting genes with 16 sgRNAs... 
INFO  @ Wed, 17 Feb 2021 09:30:47:   Number of genes under FDR adjustment: 1091 
INFO  @ Wed, 17 Feb 2021 09:30:47:   Saving to output file... 
INFO  @ Wed, 17 Feb 2021 09:30:47:   Suppressing the output of gene CTRL since it is negative ontrol genes. 
INFO  @ Wed, 17 Feb 2021 09:30:47:   RRA completed. 
INFO  @ Wed, 17 Feb 2021 09:30:47:    
INFO  @ Wed, 17 Feb 2021 09:30:47: End command message. 
INFO  @ Wed, 17 Feb 2021 09:30:47: Running command: RRA -i ser_bottom_top.phigh.txt -o ser_bottom_top.gene.high.txt -p 0.29024576919806105 --control ser_bottom_top.negctrl_ids.txt --skip-gene NA --skip-gene na  
INFO  @ Wed, 17 Feb 2021 09:30:48: Command message: 
INFO  @ Wed, 17 Feb 2021 09:30:48:   Welcome to RRA v 0.5.9. 
INFO  @ Wed, 17 Feb 2021 09:30:48:   361 control sequences loaded. 
INFO  @ Wed, 17 Feb 2021 09:30:48:   Skipping gene NA for permutation ... 
INFO  @ Wed, 17 Feb 2021 09:30:48:   Skipping gene na for permutation ... 
INFO  @ Wed, 17 Feb 2021 09:30:48:   Reading input file... 
INFO  @ Wed, 17 Feb 2021 09:30:48:   Summary: 11759 sgRNAs, 1091 genes, 1 lists; skipped sgRNAs:0 
INFO  @ Wed, 17 Feb 2021 09:30:48:   Computing lo-values for each group... 
INFO  @ Wed, 17 Feb 2021 09:30:48:   Skipping gene CTRL for permutation ... 
INFO  @ Wed, 17 Feb 2021 09:30:48:   Warning: sgRNA  not found in the ranked list.  
INFO  @ Wed, 17 Feb 2021 09:30:48:   Computing false discovery rate... 
INFO  @ Wed, 17 Feb 2021 09:30:48:   Total # control sgRNAs: 360 
INFO  @ Wed, 17 Feb 2021 09:30:48:   Permuting genes with 2 sgRNAs... 
INFO  @ Wed, 17 Feb 2021 09:30:48:   Permuting genes with 3 sgRNAs... 
INFO  @ Wed, 17 Feb 2021 09:30:48:   Permuting genes with 4 sgRNAs... 
INFO  @ Wed, 17 Feb 2021 09:30:48:   Permuting genes with 5 sgRNAs... 
INFO  @ Wed, 17 Feb 2021 09:30:48:   Permuting genes with 6 sgRNAs... 
INFO  @ Wed, 17 Feb 2021 09:30:48:   Permuting genes with 7 sgRNAs... 
INFO  @ Wed, 17 Feb 2021 09:30:48:   Permuting genes with 8 sgRNAs... 
INFO  @ Wed, 17 Feb 2021 09:30:48:   Permuting genes with 12 sgRNAs... 
INFO  @ Wed, 17 Feb 2021 09:30:48:   Permuting genes with 13 sgRNAs... 
INFO  @ Wed, 17 Feb 2021 09:30:48:   Permuting genes with 14 sgRNAs... 
INFO  @ Wed, 17 Feb 2021 09:30:48:   Permuting genes with 15 sgRNAs... 
INFO  @ Wed, 17 Feb 2021 09:30:48:   Permuting genes with 16 sgRNAs... 
INFO  @ Wed, 17 Feb 2021 09:30:48:   Number of genes under FDR adjustment: 1091 
INFO  @ Wed, 17 Feb 2021 09:30:48:   Saving to output file... 
INFO  @ Wed, 17 Feb 2021 09:30:48:   Suppressing the output of gene CTRL since it is negative ontrol genes. 
INFO  @ Wed, 17 Feb 2021 09:30:48:   RRA completed. 
INFO  @ Wed, 17 Feb 2021 09:30:48:    
INFO  @ Wed, 17 Feb 2021 09:30:48: End command message. 
DEBUG @ Wed, 17 Feb 2021 09:30:48: Sorting the merged items by positive selection... 
INFO  @ Wed, 17 Feb 2021 09:30:48: Loading top 10 genes from ser_bottom_top.gene.low.txt: MYLIP,DR1,CSK,LRPPRC,PET117,RHOB,TEFM,EIF4A1,DDX28,RXRB 
DEBUG @ Wed, 17 Feb 2021 09:30:48: Column index:3 
INFO  @ Wed, 17 Feb 2021 09:30:48: Loading top 10 genes from ser_bottom_top.gene.high.txt: LDLR,ARFRP1,TRAPPC1,TMED2,GOSR2,DPAGT1,PREB,OST4,NUDC,INTS1 
DEBUG @ Wed, 17 Feb 2021 09:30:48: Column index:9 
INFO  @ Wed, 17 Feb 2021 09:30:48: Running command: rm ser_bottom_top.plow.txt 
INFO  @ Wed, 17 Feb 2021 09:30:48: Running command: rm ser_bottom_top.phigh.txt 
INFO  @ Wed, 17 Feb 2021 09:30:48: Running command: rm ser_bottom_top.gene.low.txt 
INFO  @ Wed, 17 Feb 2021 09:30:49: Running command: rm ser_bottom_top.gene.high.txt 
INFO  @ Wed, 17 Feb 2021 09:30:49: Running command: cd ./; Rscript ser_bottom_top.R 
INFO  @ Wed, 17 Feb 2021 09:30:50: Command message: 
INFO  @ Wed, 17 Feb 2021 09:30:50:   Error in axis(1, at = 1:length(vali), labels = (collabel), las = 2) :  
INFO  @ Wed, 17 Feb 2021 09:30:50:     'at' and 'labels' lengths differ, 2 != 8 
INFO  @ Wed, 17 Feb 2021 09:30:50:   Execution halted 
INFO  @ Wed, 17 Feb 2021 09:30:50:    
INFO  @ Wed, 17 Feb 2021 09:30:50: End command message. 
INFO  @ Wed, 17 Feb 2021 09:30:50: Running command: cd ./; rm -rf ser_bottom_top_summary-*.pdf 
INFO  @ Wed, 17 Feb 2021 09:30:50: Command message: 
INFO  @ Wed, 17 Feb 2021 09:30:50:    
INFO  @ Wed, 17 Feb 2021 09:30:50: End command message. 
INFO  @ Wed, 17 Feb 2021 09:30:50: Running command: cd ./; rm -rf ser_bottom_top_summary.aux 
INFO  @ Wed, 17 Feb 2021 09:30:50: Command message: 
INFO  @ Wed, 17 Feb 2021 09:30:50:    
INFO  @ Wed, 17 Feb 2021 09:30:50: End command message. 
INFO  @ Wed, 17 Feb 2021 09:30:50: Running command: cd ./; rm -rf ser_bottom_top_summary.tex 
INFO  @ Wed, 17 Feb 2021 09:30:50: Command message: 
INFO  @ Wed, 17 Feb 2021 09:30:50:    
INFO  @ Wed, 17 Feb 2021 09:30:50: End command message. 
INFO  @ Wed, 17 Feb 2021 09:30:50: Running command: cd ./; rm -rf ser_bottom_top_summary.toc 
INFO  @ Wed, 17 Feb 2021 09:30:50: Command message: 
INFO  @ Wed, 17 Feb 2021 09:30:50:    
INFO  @ Wed, 17 Feb 2021 09:30:50: End command message. 
